000000 0a1414 000000 000000 000000 000000 000000 000000 000000 000000 
