DUMP: [5]
DUMP: [4]
DUMP: [3]
DUMP: [2]
DUMP: [1]
