000000 000000 000000 000000 000000 000000 000000 000000 000000 000000 
e04020 e04020 e04020 e04020 e04020 e04020 e04020 e04020 e04020 e04020 
c0a060 c0a060 c0a060 c0a060 c0a060 c0a060 c0a060 c0a060 c0a060 c0a060 
c0e080 c0e080 c0e080 c0e080 c0e080 c0e080 c0e080 c0e080 c0e080 c0e080 
a020c0 a020c0 a020c0 a020c0 a020c0 a020c0 a020c0 a020c0 a020c0 a020c0 
8080e0 8080e0 8080e0 8080e0 8080e0 8080e0 8080e0 8080e0 8080e0 8080e0 
80c000 80c000 80c000 80c000 80c000 80c000 80c000 80c000 80c000 80c000 
602040 602040 602040 602040 602040 602040 602040 602040 602040 602040 
606060 606060 606060 606060 606060 606060 606060 606060 606060 606060 
40c0a0 40c0a0 40c0a0 40c0a0 40c0a0 40c0a0 40c0a0 40c0a0 40c0a0 40c0a0 
2000c0 2000c0 2000c0 2000c0 2000c0 2000c0 2000c0 2000c0 2000c0 2000c0 
