000000 000000 000000 000000 000000 000000 bbccdd 000000 000000 000000 
