000000 000000 000000 000000 000000 040303 000000 000000 000000 000000 
