000000 000000 000000 000000 000000 000000 000000 000000 000000 000000 
00c0b0 01c1b1 02c2b2 03c3b3 04c4b4 05c5b5 06c6b6 07c7b7 08c8b8 09c9b9 
ffbfaf 00c0b0 01c1b1 02c2b2 03c3b3 04c4b4 05c5b5 06c6b6 07c7b7 08c8b8 
febeae ffbfaf 00c0b0 01c1b1 02c2b2 03c3b3 04c4b4 05c5b5 06c6b6 07c7b7 
fdbdad febeae ffbfaf 00c0b0 01c1b1 02c2b2 03c3b3 04c4b4 05c5b5 06c6b6 
fcbcac fdbdad febeae ffbfaf 00c0b0 01c1b1 02c2b2 03c3b3 04c4b4 05c5b5 
