000000 000000 000000 000000 000000 cc0000 000000 000000 000000 000000 
