000000 020304 000000 000000 000000 000000 000000 000000 000000 000000 
