ff0000 ff0000 ff0000 ff0000 ff0000 ff0000 ff0000 ff0000 ff0000 ff0000 
