000000 000000 000000 000000 000000 000000 000000 000000 000000 14a000 
